src/components/Director.tsx(1,1): error TS6133: 'React' is declared but its value is never read.
src/components/Navbar.tsx(1,8): error TS6133: 'React' is declared but its value is never read.
src/components/ui/stars-background.tsx(7,10): error TS6133: 'RefObject' is declared but its value is never read.
src/components/ValueProps.tsx(1,1): error TS6133: 'React' is declared but its value is never read.
src/components/Values.tsx(1,10): error TS6133: 'useState' is declared but its value is never read.
src/components/Values.tsx(1,20): error TS6133: 'useEffect' is declared but its value is never read.
src/components/Values.tsx(89,55): error TS2322: Type '{ hidden: { y: number; opacity: number; }; visible: { y: number; opacity: number; transition: { duration: number; ease: string; }; }; }' is not assignable to type 'Variants'.
  Property 'visible' is incompatible with index signature.
    Type '{ y: number; opacity: number; transition: { duration: number; ease: string; }; }' is not assignable to type 'Variant'.
      Type '{ y: number; opacity: number; transition: { duration: number; ease: string; }; }' is not assignable to type 'TargetAndTransition'.
        Type '{ y: number; opacity: number; transition: { duration: number; ease: string; }; }' is not assignable to type '{ transition?: Transition<any> | undefined; transitionEnd?: ResolvedValues | undefined; }'.
          Types of property 'transition' are incompatible.
            Type '{ duration: number; ease: string; }' is not assignable to type 'Transition<any> | undefined'.
              Type '{ duration: number; ease: string; }' is not assignable to type 'TransitionWithValueOverrides<any>'.
                Type '{ duration: number; ease: string; }' is not assignable to type 'ValueAnimationTransition<any>'.
                  Types of property 'ease' are incompatible.
                    Type 'string' is not assignable to type 'Easing | Easing[] | undefined'.
src/components/Values.tsx(100,58): error TS2322: Type '{ hidden: { y: number; opacity: number; }; visible: { y: number; opacity: number; transition: { duration: number; ease: string; }; }; }' is not assignable to type 'Variants'.
  Property 'visible' is incompatible with index signature.
    Type '{ y: number; opacity: number; transition: { duration: number; ease: string; }; }' is not assignable to type 'Variant'.
      Type '{ y: number; opacity: number; transition: { duration: number; ease: string; }; }' is not assignable to type 'TargetAndTransition'.
        Type '{ y: number; opacity: number; transition: { duration: number; ease: string; }; }' is not assignable to type '{ transition?: Transition<any> | undefined; transitionEnd?: ResolvedValues | undefined; }'.
          Types of property 'transition' are incompatible.
            Type '{ duration: number; ease: string; }' is not assignable to type 'Transition<any> | undefined'.
              Type '{ duration: number; ease: string; }' is not assignable to type 'TransitionWithValueOverrides<any>'.
                Type '{ duration: number; ease: string; }' is not assignable to type 'ValueAnimationTransition<any>'.
                  Types of property 'ease' are incompatible.
                    Type 'string' is not assignable to type 'Easing | Easing[] | undefined'.
src/components/Values.tsx(125,70): error TS2322: Type '{ hidden: { y: number; opacity: number; }; visible: { y: number; opacity: number; transition: { duration: number; ease: string; }; }; }' is not assignable to type 'Variants'.
  Property 'visible' is incompatible with index signature.
    Type '{ y: number; opacity: number; transition: { duration: number; ease: string; }; }' is not assignable to type 'Variant'.
      Type '{ y: number; opacity: number; transition: { duration: number; ease: string; }; }' is not assignable to type 'TargetAndTransition'.
        Type '{ y: number; opacity: number; transition: { duration: number; ease: string; }; }' is not assignable to type '{ transition?: Transition<any> | undefined; transitionEnd?: ResolvedValues | undefined; }'.
          Types of property 'transition' are incompatible.
            Type '{ duration: number; ease: string; }' is not assignable to type 'Transition<any> | undefined'.
              Type '{ duration: number; ease: string; }' is not assignable to type 'TransitionWithValueOverrides<any>'.
                Type '{ duration: number; ease: string; }' is not assignable to type 'ValueAnimationTransition<any>'.
                  Types of property 'ease' are incompatible.
                    Type 'string' is not assignable to type 'Easing | Easing[] | undefined'.
src/unused/Services.tsx(1,1): error TS6133: 'React' is declared but its value is never read.
src/unused/Testimonials.tsx(1,1): error TS6133: 'React' is declared but its value is never read.
